BL51 BANKED LINKER/LOCATER V6.22                                                        05/05/2023  21:05:34  PAGE 1


BL51 BANKED LINKER/LOCATER V6.22, INVOKED BY:
D:\KEIL5 C51\C51\BIN\BL51.EXE STARTUP.obj, æÿ’Ûº¸≈Ãµƒª˘±æ≤Ÿ◊˜.obj TO æÿ’Ûº¸≈Ã RAMSIZE (256)


MEMORY MODEL: SMALL


INPUT MODULES INCLUDED:
  STARTUP.obj (?C_STARTUP)
  æÿ’Ûº¸≈Ãµƒª˘±æ≤Ÿ◊˜.obj (__________________)
  D:\KEIL5 C51\C51\LIB\C51S.LIB (?C_INIT)


LINK MAP OF MODULE:  æÿ’Ûº¸≈Ã (?C_STARTUP)


            TYPE    BASE      LENGTH    RELOCATION   SEGMENT NAME
            -----------------------------------------------------

            * * * * * * *   D A T A   M E M O R Y   * * * * * * *
            REG     0000H     0008H     ABSOLUTE     "REG BANK 0"
            DATA    0008H     000BH     UNIT         ?DT?__________________
            IDATA   0013H     0001H     UNIT         ?STACK

            * * * * * * *   C O D E   M E M O R Y   * * * * * * *
            CODE    0000H     0003H     ABSOLUTE     
                    0003H     07FDH                  *** GAP ***
            CODE    0800H     008CH     UNIT         ?C_C51STARTUP
            CODE    088CH     0034H     UNIT         ?PR?SCANKEYSMULTI?__________________
            CODE    08C0H     0012H     UNIT         ?C_INITSEG
            CODE    08D2H     000DH     UNIT         ?PR?MAIN?__________________



OVERLAY MAP OF MODULE:   æÿ’Ûº¸≈Ã (?C_STARTUP)


SEGMENT
  +--> CALLED SEGMENT
---------------------
?C_C51STARTUP
  +--> ?PR?MAIN?__________________
  +--> ?C_INITSEG

?PR?MAIN?__________________
  +--> ?PR?SCANKEYSMULTI?__________________



SYMBOL TABLE OF MODULE:  æÿ’Ûº¸≈Ã (?C_STARTUP)

  VALUE           TYPE          NAME
  ----------------------------------

  -------         MODULE        ?C_STARTUP
  C:0800H         SEGMENT       ?C_C51STARTUP
  I:0013H         SEGMENT       ?STACK
  C:0000H         PUBLIC        ?C_STARTUP
BL51 BANKED LINKER/LOCATER V6.22                                                      05/05/2023  21:05:34  PAGE 2


  D:00E0H         SYMBOL        ACC
  D:00F0H         SYMBOL        B
  D:0083H         SYMBOL        DPH
  D:0082H         SYMBOL        DPL
  N:0000H         SYMBOL        IBPSTACK
  N:0100H         SYMBOL        IBPSTACKTOP
  N:0080H         SYMBOL        IDATALEN
  C:0803H         SYMBOL        IDATALOOP
  N:0000H         SYMBOL        PBPSTACK
  N:0100H         SYMBOL        PBPSTACKTOP
  N:0000H         SYMBOL        PDATALEN
  N:0000H         SYMBOL        PDATASTART
  N:0000H         SYMBOL        PPAGE
  N:0000H         SYMBOL        PPAGEENABLE
  D:00A0H         SYMBOL        PPAGE_SFR
  D:0081H         SYMBOL        SP
  C:0800H         SYMBOL        STARTUP1
  N:0000H         SYMBOL        XBPSTACK
  N:0000H         SYMBOL        XBPSTACKTOP
  N:0000H         SYMBOL        XDATALEN
  N:0000H         SYMBOL        XDATASTART
  C:0000H         LINE#         126
  C:0800H         LINE#         133
  C:0802H         LINE#         134
  C:0803H         LINE#         135
  C:0804H         LINE#         136
  C:0806H         LINE#         185
  C:0809H         LINE#         196
  -------         ENDMOD        ?C_STARTUP

  -------         MODULE        __________________
  C:0000H         SYMBOL        _ICE_DUMMY_
  D:0080H         PUBLIC        P0
  D:0090H         PUBLIC        P1
  D:00A0H         PUBLIC        P2
  B:00A0H.4       PUBLIC        R1
  D:00B0H         PUBLIC        P3
  B:00A0H.5       PUBLIC        R2
  B:00A0H.6       PUBLIC        R3
  B:00A0H.7       PUBLIC        R4
  D:00A8H         PUBLIC        IE
  D:00B8H         PUBLIC        IP
  C:08D2H         PUBLIC        main
  D:0098H         PUBLIC        SCON
  C:088CH         PUBLIC        ScanKeysMulti
  D:0088H         PUBLIC        TCON
  D:0008H         PUBLIC        a
  D:00C8H         PUBLIC        T2CON
  D:0010H         PUBLIC        i
  B:00A0H.0       PUBLIC        C1
  B:00A0H.1       PUBLIC        C2
  B:00A0H.2       PUBLIC        C3
  B:00A0H.3       PUBLIC        C4
  D:00D0H         PUBLIC        PSW
  D:0012H         PUBLIC        Flag
  -------         PROC          SCANKEYSMULTI
  C:088CH         LINE#         19
BL51 BANKED LINKER/LOCATER V6.22                                                      05/05/2023  21:05:34  PAGE 3


  C:088CH         LINE#         20
  C:088CH         LINE#         21
  C:088EH         LINE#         22
  C:0894H         LINE#         23
  C:089CH         LINE#         24
  C:089FH         LINE#         25
  C:089FH         LINE#         26
  C:08A2H         LINE#         27
  C:08A2H         LINE#         28
  C:08AAH         LINE#         29
  C:08AAH         LINE#         30
  C:08ADH         LINE#         31
  C:08B5H         LINE#         32
  C:08BBH         LINE#         33
  C:08BFH         LINE#         34
  C:08BFH         LINE#         35
  -------         ENDPROC       SCANKEYSMULTI
  -------         PROC          MAIN
  C:08D2H         LINE#         37
  C:08D2H         LINE#         38
  C:08D2H         LINE#         39
  C:08D2H         LINE#         40
  C:08D2H         LINE#         41
  C:08DAH         LINE#         42
  C:08DDH         LINE#         43
  -------         ENDPROC       MAIN
  -------         ENDMOD        __________________

******************************************************************************
* RESTRICTED VERSION WITH 0800H BYTE CODE SIZE LIMIT; USED: 0061H BYTE ( 4%) *
******************************************************************************

Program Size: data=20.0 xdata=0 code=226
LINK/LOCATE RUN COMPLETE.  0 WARNING(S),  0 ERROR(S)
